New order

A new order has placed

Send the items of the order to:
Lucy Cechtelar
426 Jordy Lodge
Cartwrightshire, SC 88120-6700

Items of the order:

The Offspring - The Offspring 15.00
Smash - The Offspring 20.00
