Thank you Lucy Cechtelar for your order

Your order will be delivered to:
Lucy Cechtelar
426 Jordy Lodge
Cartwrightshire, SC 88120-6700

Your order contains the following items:

The Offspring - The Offspring 15.00
Smash - The Offspring 20.00
